../Core/Src/main.c:127:5:main	8	static
../Core/Src/main.c:219:6:SystemClock_Config	88	static
../Core/Src/main.c:277:13:MX_ETH_Init	8	static
../Core/Src/main.c:326:13:MX_USART3_UART_Init	8	static
../Core/Src/main.c:361:13:MX_USB_OTG_FS_PCD_Init	8	static
../Core/Src/main.c:396:13:MX_GPIO_Init	56	static
../Core/Src/main.c:463:6:Tarefa01_Def	80	static
../Core/Src/main.c:495:6:Tarefa02_Def	72	static
../Core/Src/main.c:560:6:Tarefa03_Def	144	static
../Core/Src/main.c:611:6:HAL_TIM_PeriodElapsedCallback	16	static
../Core/Src/main.c:629:6:Error_Handler	4	static,ignoring_inline_asm
